===== ANALYST ling3 2026-09-03 17:08:53 UTC =====
[91m[1mError: [0m{
  "name": "UnknownError",
  "data": {
    "message": "Unexpected server error. Check server logs for details.",
    "ref": "err_419171d4"
  }
}
===== ANALYST ling3 2026-09-03 19:45:21 UTC =====
[91m[1mError: [0m{
  "name": "UnknownError",
  "data": {
    "message": "Unexpected server error. Check server logs for details.",
    "ref": "err_19057db2"
  }
}
===== ANALYST ling3 2026-09-03 22:39:38 UTC =====
[91m[1mError: [0m{
  "name": "UnknownError",
  "data": {
    "message": "Unexpected server error. Check server logs for details.",
    "ref": "err_24f7d3d3"
  }
}
===== ANALYST ling3 2026-09-04 00:31:51 UTC =====
[91m[1mError: [0m{
  "name": "UnknownError",
  "data": {
    "message": "Unexpected server error. Check server logs for details.",
    "ref": "err_fc11fdaf"
  }
}
===== ANALYST ling3 2026-09-04 05:12:08 UTC =====
[91m[1mError: [0m{
  "name": "UnknownError",
  "data": {
    "message": "Unexpected server error. Check server logs for details.",
    "ref": "err_ec29c4fa"
  }
}
===== ANALYST ling3 2026-09-04 09:50:18 UTC =====
[91m[1mError: [0m{
  "name": "UnknownError",
  "data": {
    "message": "Unexpected server error. Check server logs for details.",
    "ref": "err_5b8a0f4a"
  }
}
===== ANALYST ling3 2026-09-04 14:21:14 UTC =====
[91m[1mError: [0m{
  "name": "UnknownError",
  "data": {
    "message": "Unexpected server error. Check server logs for details.",
    "ref": "err_f0ca39f7"
  }
}
===== ANALYST ling3 2026-09-04 17:48:47 UTC =====
[91m[1mError: [0m{
  "name": "UnknownError",
  "data": {
    "message": "Unexpected server error. Check server logs for details.",
    "ref": "err_083522c1"
  }
}
===== ANALYST ling3 2026-09-04 19:59:08 UTC =====
[91m[1mError: [0m{
  "name": "UnknownError",
  "data": {
    "message": "Unexpected server error. Check server logs for details.",
    "ref": "err_76339444"
  }
}
===== ANALYST ling3 2026-09-04 22:17:33 UTC =====
[91m[1mError: [0m{
  "name": "UnknownError",
  "data": {
    "message": "Unexpected server error. Check server logs for details.",
    "ref": "err_8645ee1f"
  }
}
===== ANALYST ling3 2026-09-05 00:16:08 UTC =====
[91m[1mError: [0m{
  "name": "UnknownError",
  "data": {
    "message": "Unexpected server error. Check server logs for details.",
    "ref": "err_2f7269bb"
  }
}
===== ANALYST ling3 2026-09-05 04:42:31 UTC =====
[91m[1mError: [0m{
  "name": "UnknownError",
  "data": {
    "message": "Unexpected server error. Check server logs for details.",
    "ref": "err_2780e427"
  }
}
===== ANALYST ling3 2026-09-05 08:40:18 UTC =====
[91m[1mError: [0m{
  "name": "UnknownError",
  "data": {
    "message": "Unexpected server error. Check server logs for details.",
    "ref": "err_8e534e05"
  }
}
===== ANALYST ling3 2026-09-05 12:06:02 UTC =====
[91m[1mError: [0m{
  "name": "UnknownError",
  "data": {
    "message": "Unexpected server error. Check server logs for details.",
    "ref": "err_105153fc"
  }
}
===== ANALYST ling3 2026-09-05 15:27:47 UTC =====
[91m[1mError: [0m{
  "name": "UnknownError",
  "data": {
    "message": "Unexpected server error. Check server logs for details.",
    "ref": "err_a33d3b85"
  }
}
===== ANALYST ling3 2026-09-05 17:42:47 UTC =====
[91m[1mError: [0m{
  "name": "UnknownError",
  "data": {
    "message": "Unexpected server error. Check server logs for details.",
    "ref": "err_6b5815a8"
  }
}
===== ANALYST ling3 2026-09-05 19:35:12 UTC =====
[91m[1mError: [0m{
  "name": "UnknownError",
  "data": {
    "message": "Unexpected server error. Check server logs for details.",
    "ref": "err_60adbea3"
  }
}
===== ANALYST ling3 2026-09-05 21:46:33 UTC =====
[91m[1mError: [0m{
  "name": "UnknownError",
  "data": {
    "message": "Unexpected server error. Check server logs for details.",
    "ref": "err_bfb1ea7e"
  }
}
===== ANALYST ling3 2026-09-05 23:39:47 UTC =====
[91m[1mError: [0m{
  "name": "UnknownError",
  "data": {
    "message": "Unexpected server error. Check server logs for details.",
    "ref": "err_c56833ee"
  }
}
===== ANALYST ling3 2026-09-06 01:23:13 UTC =====
[91m[1mError: [0m{
  "name": "UnknownError",
  "data": {
    "message": "Unexpected server error. Check server logs for details.",
    "ref": "err_eb18a002"
  }
}
===== ANALYST ling3 2026-09-06 06:31:53 UTC =====
[91m[1mError: [0m{
  "name": "UnknownError",
  "data": {
    "message": "Unexpected server error. Check server logs for details.",
    "ref": "err_7dc65f7e"
  }
}
===== ANALYST ling3 2026-09-06 11:29:47 UTC =====
[91m[1mError: [0m{
  "name": "UnknownError",
  "data": {
    "message": "Unexpected server error. Check server logs for details.",
    "ref": "err_ddb7a1c0"
  }
}
===== ANALYST ling3 2026-09-06 14:26:37 UTC =====
[91m[1mError: [0m{
  "name": "UnknownError",
  "data": {
    "message": "Unexpected server error. Check server logs for details.",
    "ref": "err_503af6c4"
  }
}
===== ANALYST ling3 2026-09-06 17:11:44 UTC =====
[91m[1mError: [0m{
  "name": "UnknownError",
  "data": {
    "message": "Unexpected server error. Check server logs for details.",
    "ref": "err_12978fd7"
  }
}
===== ANALYST ling3 2026-09-06 19:31:05 UTC =====
[91m[1mError: [0m{
  "name": "UnknownError",
  "data": {
    "message": "Unexpected server error. Check server logs for details.",
    "ref": "err_c874eeeb"
  }
}
===== ANALYST ling3 2026-09-06 21:30:15 UTC =====
[91m[1mError: [0m{
  "name": "UnknownError",
  "data": {
    "message": "Unexpected server error. Check server logs for details.",
    "ref": "err_5dd4bfac"
  }
}
===== ANALYST ling3 2026-09-06 23:10:54 UTC =====
[91m[1mError: [0m{
  "name": "UnknownError",
  "data": {
    "message": "Unexpected server error. Check server logs for details.",
    "ref": "err_3d1dda96"
  }
}
===== ANALYST ling3 2026-09-07 01:12:39 UTC =====
[91m[1mError: [0m{
  "name": "UnknownError",
  "data": {
    "message": "Unexpected server error. Check server logs for details.",
    "ref": "err_87dc0b8f"
  }
}
===== ANALYST ling3 2026-09-07 06:14:29 UTC =====
[91m[1mError: [0m{
  "name": "UnknownError",
  "data": {
    "message": "Unexpected server error. Check server logs for details.",
    "ref": "err_04d513c1"
  }
}
===== ANALYST ling3 2026-09-07 12:47:46 UTC =====
[91m[1mError: [0m{
  "name": "UnknownError",
  "data": {
    "message": "Unexpected server error. Check server logs for details.",
    "ref": "err_58a9416a"
  }
}
===== ANALYST ling3 2026-09-07 18:15:44 UTC =====
[91m[1mError: [0m{
  "name": "UnknownError",
  "data": {
    "message": "Unexpected server error. Check server logs for details.",
    "ref": "err_7870250d"
  }
}
===== ANALYST ling3 2026-09-07 21:43:15 UTC =====
[91m[1mError: [0m{
  "name": "UnknownError",
  "data": {
    "message": "Unexpected server error. Check server logs for details.",
    "ref": "err_1b5cf2cf"
  }
}
===== ANALYST ling3 2026-09-07 23:49:15 UTC =====
[91m[1mError: [0m{
  "name": "UnknownError",
  "data": {
    "message": "Unexpected server error. Check server logs for details.",
    "ref": "err_87239bc9"
  }
}
===== ANALYST ling3 2026-09-08 03:46:49 UTC =====
[91m[1mError: [0m{
  "name": "UnknownError",
  "data": {
    "message": "Unexpected server error. Check server logs for details.",
    "ref": "err_3ba6dfe8"
  }
}
===== ANALYST ling3 2026-09-08 09:03:31 UTC =====
[91m[1mError: [0m{
  "name": "UnknownError",
  "data": {
    "message": "Unexpected server error. Check server logs for details.",
    "ref": "err_8fc8604f"
  }
}
