===== ANALYST laguna 2026-09-03 17:08:53 UTC =====
[91m[1mError: [0m{
  "name": "UnknownError",
  "data": {
    "message": "Unexpected server error. Check server logs for details.",
    "ref": "err_a1cf3253"
  }
}
===== ANALYST laguna 2026-09-03 19:45:21 UTC =====
[91m[1mError: [0m{
  "name": "UnknownError",
  "data": {
    "message": "Unexpected server error. Check server logs for details.",
    "ref": "err_f0bf3087"
  }
}
===== ANALYST laguna 2026-09-03 22:39:38 UTC =====
[91m[1mError: [0m{
  "name": "UnknownError",
  "data": {
    "message": "Unexpected server error. Check server logs for details.",
    "ref": "err_2e6f823f"
  }
}
===== ANALYST laguna 2026-09-04 00:31:51 UTC =====
[91m[1mError: [0m{
  "name": "UnknownError",
  "data": {
    "message": "Unexpected server error. Check server logs for details.",
    "ref": "err_d983aff1"
  }
}
===== ANALYST laguna 2026-09-04 05:12:08 UTC =====
[91m[1mError: [0m{
  "name": "UnknownError",
  "data": {
    "message": "Unexpected server error. Check server logs for details.",
    "ref": "err_48c24947"
  }
}
===== ANALYST laguna 2026-09-04 09:50:18 UTC =====
[91m[1mError: [0m{
  "name": "UnknownError",
  "data": {
    "message": "Unexpected server error. Check server logs for details.",
    "ref": "err_85d64a0b"
  }
}
===== ANALYST laguna 2026-09-04 14:21:14 UTC =====
[91m[1mError: [0m{
  "name": "UnknownError",
  "data": {
    "message": "Unexpected server error. Check server logs for details.",
    "ref": "err_582a5f51"
  }
}
===== ANALYST laguna 2026-09-04 17:48:47 UTC =====
[91m[1mError: [0m{
  "name": "UnknownError",
  "data": {
    "message": "Unexpected server error. Check server logs for details.",
    "ref": "err_dd54b865"
  }
}
===== ANALYST laguna 2026-09-04 19:59:08 UTC =====
[91m[1mError: [0m{
  "name": "UnknownError",
  "data": {
    "message": "Unexpected server error. Check server logs for details.",
    "ref": "err_eaf4a11b"
  }
}
===== ANALYST laguna 2026-09-04 22:17:33 UTC =====
[91m[1mError: [0m{
  "name": "UnknownError",
  "data": {
    "message": "Unexpected server error. Check server logs for details.",
    "ref": "err_7a0ae092"
  }
}
===== ANALYST laguna 2026-09-05 00:16:08 UTC =====
[91m[1mError: [0m{
  "name": "UnknownError",
  "data": {
    "message": "Unexpected server error. Check server logs for details.",
    "ref": "err_9f98e39e"
  }
}
===== ANALYST laguna 2026-09-05 04:42:31 UTC =====
[91m[1mError: [0m{
  "name": "UnknownError",
  "data": {
    "message": "Unexpected server error. Check server logs for details.",
    "ref": "err_adf0160f"
  }
}
===== ANALYST laguna 2026-09-05 08:40:18 UTC =====
[91m[1mError: [0m{
  "name": "UnknownError",
  "data": {
    "message": "Unexpected server error. Check server logs for details.",
    "ref": "err_7b972ace"
  }
}
===== ANALYST laguna 2026-09-05 12:06:02 UTC =====
[91m[1mError: [0m{
  "name": "UnknownError",
  "data": {
    "message": "Unexpected server error. Check server logs for details.",
    "ref": "err_ed421d9c"
  }
}
===== ANALYST laguna 2026-09-05 15:27:47 UTC =====
[91m[1mError: [0m{
  "name": "UnknownError",
  "data": {
    "message": "Unexpected server error. Check server logs for details.",
    "ref": "err_4564cf38"
  }
}
===== ANALYST laguna 2026-09-05 17:42:47 UTC =====
[91m[1mError: [0m{
  "name": "UnknownError",
  "data": {
    "message": "Unexpected server error. Check server logs for details.",
    "ref": "err_3cd52eb2"
  }
}
===== ANALYST laguna 2026-09-05 19:35:12 UTC =====
[91m[1mError: [0m{
  "name": "UnknownError",
  "data": {
    "message": "Unexpected server error. Check server logs for details.",
    "ref": "err_c2eca107"
  }
}
===== ANALYST laguna 2026-09-05 21:46:33 UTC =====
[91m[1mError: [0m{
  "name": "UnknownError",
  "data": {
    "message": "Unexpected server error. Check server logs for details.",
    "ref": "err_f995d610"
  }
}
===== ANALYST laguna 2026-09-05 23:39:47 UTC =====
[91m[1mError: [0m{
  "name": "UnknownError",
  "data": {
    "message": "Unexpected server error. Check server logs for details.",
    "ref": "err_2543e3fd"
  }
}
===== ANALYST laguna 2026-09-06 01:23:13 UTC =====
[91m[1mError: [0m{
  "name": "UnknownError",
  "data": {
    "message": "Unexpected server error. Check server logs for details.",
    "ref": "err_e4b718ed"
  }
}
===== ANALYST laguna 2026-09-06 06:31:53 UTC =====
[91m[1mError: [0m{
  "name": "UnknownError",
  "data": {
    "message": "Unexpected server error. Check server logs for details.",
    "ref": "err_2bf3322d"
  }
}
===== ANALYST laguna 2026-09-06 11:29:47 UTC =====
[91m[1mError: [0m{
  "name": "UnknownError",
  "data": {
    "message": "Unexpected server error. Check server logs for details.",
    "ref": "err_1a3d007a"
  }
}
===== ANALYST laguna 2026-09-06 14:26:37 UTC =====
[91m[1mError: [0m{
  "name": "UnknownError",
  "data": {
    "message": "Unexpected server error. Check server logs for details.",
    "ref": "err_7960a255"
  }
}
===== ANALYST laguna 2026-09-06 17:11:44 UTC =====
[91m[1mError: [0m{
  "name": "UnknownError",
  "data": {
    "message": "Unexpected server error. Check server logs for details.",
    "ref": "err_11299078"
  }
}
===== ANALYST laguna 2026-09-06 19:31:05 UTC =====
[91m[1mError: [0m{
  "name": "UnknownError",
  "data": {
    "message": "Unexpected server error. Check server logs for details.",
    "ref": "err_62f1d0a6"
  }
}
===== ANALYST laguna 2026-09-06 21:30:15 UTC =====
[91m[1mError: [0m{
  "name": "UnknownError",
  "data": {
    "message": "Unexpected server error. Check server logs for details.",
    "ref": "err_aa02513c"
  }
}
===== ANALYST laguna 2026-09-06 23:10:54 UTC =====
[91m[1mError: [0m{
  "name": "UnknownError",
  "data": {
    "message": "Unexpected server error. Check server logs for details.",
    "ref": "err_3d5be2e2"
  }
}
===== ANALYST laguna 2026-09-07 01:12:39 UTC =====
[91m[1mError: [0m{
  "name": "UnknownError",
  "data": {
    "message": "Unexpected server error. Check server logs for details.",
    "ref": "err_8999f24b"
  }
}
===== ANALYST laguna 2026-09-07 06:14:29 UTC =====
[91m[1mError: [0m{
  "name": "UnknownError",
  "data": {
    "message": "Unexpected server error. Check server logs for details.",
    "ref": "err_97f743d7"
  }
}
===== ANALYST laguna 2026-09-07 12:47:46 UTC =====
[91m[1mError: [0m{
  "name": "UnknownError",
  "data": {
    "message": "Unexpected server error. Check server logs for details.",
    "ref": "err_cfd4c956"
  }
}
===== ANALYST laguna 2026-09-07 18:15:44 UTC =====
[91m[1mError: [0m{
  "name": "UnknownError",
  "data": {
    "message": "Unexpected server error. Check server logs for details.",
    "ref": "err_9213cebb"
  }
}
===== ANALYST laguna 2026-09-07 21:43:15 UTC =====
[91m[1mError: [0m{
  "name": "UnknownError",
  "data": {
    "message": "Unexpected server error. Check server logs for details.",
    "ref": "err_6d0b0776"
  }
}
===== ANALYST laguna 2026-09-07 23:49:15 UTC =====
[91m[1mError: [0m{
  "name": "UnknownError",
  "data": {
    "message": "Unexpected server error. Check server logs for details.",
    "ref": "err_938eb94a"
  }
}
===== ANALYST laguna 2026-09-08 03:46:49 UTC =====
[91m[1mError: [0m{
  "name": "UnknownError",
  "data": {
    "message": "Unexpected server error. Check server logs for details.",
    "ref": "err_b2cb6d54"
  }
}
===== ANALYST laguna 2026-09-08 09:03:31 UTC =====
[91m[1mError: [0m{
  "name": "UnknownError",
  "data": {
    "message": "Unexpected server error. Check server logs for details.",
    "ref": "err_ce3d3a35"
  }
}
===== ANALYST laguna 2026-09-08 13:29:58 UTC =====
[91m[1mError: [0m{
  "name": "UnknownError",
  "data": {
    "message": "Unexpected server error. Check server logs for details.",
    "ref": "err_d18dafd3"
  }
}
===== ANALYST laguna 2026-09-08 17:47:45 UTC =====
[91m[1mError: [0m{
  "name": "UnknownError",
  "data": {
    "message": "Unexpected server error. Check server logs for details.",
    "ref": "err_1fda99aa"
  }
}
===== ANALYST laguna 2026-09-08 20:17:44 UTC =====
[91m[1mError: [0m{
  "name": "UnknownError",
  "data": {
    "message": "Unexpected server error. Check server logs for details.",
    "ref": "err_d9bcfab4"
  }
}
===== ANALYST laguna 2026-09-08 22:46:22 UTC =====
[91m[1mError: [0m{
  "name": "UnknownError",
  "data": {
    "message": "Unexpected server error. Check server logs for details.",
    "ref": "err_f4ef7b00"
  }
}
===== ANALYST laguna 2026-09-09 01:13:45 UTC =====
[91m[1mError: [0m{
  "name": "UnknownError",
  "data": {
    "message": "Unexpected server error. Check server logs for details.",
    "ref": "err_74233d0f"
  }
}
===== ANALYST laguna 2026-09-09 06:11:13 UTC =====
[91m[1mError: [0m{
  "name": "UnknownError",
  "data": {
    "message": "Unexpected server error. Check server logs for details.",
    "ref": "err_efbae2ba"
  }
}
===== ANALYST laguna 2026-09-09 11:42:22 UTC =====
[91m[1mError: [0m{
  "name": "UnknownError",
  "data": {
    "message": "Unexpected server error. Check server logs for details.",
    "ref": "err_48fbb7b5"
  }
}
===== ANALYST laguna 2026-09-09 15:26:46 UTC =====
[91m[1mError: [0m{
  "name": "UnknownError",
  "data": {
    "message": "Unexpected server error. Check server logs for details.",
    "ref": "err_d04243cf"
  }
}
===== ANALYST laguna 2026-09-09 18:45:52 UTC =====
[91m[1mError: [0m{
  "name": "UnknownError",
  "data": {
    "message": "Unexpected server error. Check server logs for details.",
    "ref": "err_72f04757"
  }
}
